desc: --massif-out-file=out/massif.out
cmd: ./bin/project01
time_unit: i
#-----------
snapshot=0
#-----------
time=0
mem_heap_B=0
mem_heap_extra_B=0
mem_stacks_B=0
heap_tree=empty
#-----------
snapshot=1
#-----------
time=1955895
mem_heap_B=73728
mem_heap_extra_B=8
mem_stacks_B=0
heap_tree=empty
#-----------
snapshot=2
#-----------
time=1961134
mem_heap_B=74752
mem_heap_extra_B=16
mem_stacks_B=0
heap_tree=empty
#-----------
snapshot=3
#-----------
time=1968174
mem_heap_B=75776
mem_heap_extra_B=24
mem_stacks_B=0
heap_tree=empty
#-----------
snapshot=4
#-----------
time=1969379
mem_heap_B=75780
mem_heap_extra_B=44
mem_stacks_B=0
heap_tree=empty
#-----------
snapshot=5
#-----------
time=1981075
mem_heap_B=75780
mem_heap_extra_B=44
mem_stacks_B=0
heap_tree=peak
n3: 75780 (heap allocation functions) malloc/new/new[], --alloc-fns, etc.
 n1: 73728 0x4917401: ??? (in /usr/lib/x86_64-linux-gnu/libstdc++.so.6.0.33)
  n1: 73728 0x400571E: call_init.part.0 (dl-init.c:74)
   n1: 73728 0x4005823: call_init (dl-init.c:120)
    n1: 73728 0x4005823: _dl_init (dl-init.c:121)
     n0: 73728 0x401F59F: ??? (in /usr/lib/x86_64-linux-gnu/ld-linux-x86-64.so.2)
 n1: 2048 0x4B621A4: _IO_file_doallocate (filedoalloc.c:101)
  n2: 2048 0x4B72513: _IO_doallocbuf (genops.c:347)
   n1: 1024 0x4B6F873: _IO_file_underflow@@GLIBC_2.2.5 (fileops.c:486)
    n1: 1024 0x4B725C1: _IO_default_uflow (genops.c:362)
     n1: 1024 0x4B491B3: __vfscanf_internal (vfscanf-internal.c:676)
      n1: 1024 0x4B3CB05: __isoc23_scanf (isoc23_scanf.c:30)
       n0: 1024 0x10921F: main (main.cpp:8)
   n1: 1024 0x4B6FF7F: _IO_file_overflow@@GLIBC_2.2.5 (fileops.c:745)
    n1: 1024 0x4B70A9E: _IO_new_file_xsputn (fileops.c:1244)
     n1: 1024 0x4B70A9E: _IO_file_xsputn@@GLIBC_2.2.5 (fileops.c:1197)
      n1: 1024 0x4B63A01: fwrite (iofwrite.c:39)
       n1: 1024 0x49B1CA4: std::basic_ostream<char, std::char_traits<char> >& std::__ostream_insert<char, std::char_traits<char> >(std::basic_ostream<char, std::char_traits<char> >&, char const*, long) (in /usr/lib/x86_64-linux-gnu/libstdc++.so.6.0.33)
        n1: 1024 0x49B202A: std::basic_ostream<char, std::char_traits<char> >& std::operator<< <std::char_traits<char> >(std::basic_ostream<char, std::char_traits<char> >&, char const*) (in /usr/lib/x86_64-linux-gnu/libstdc++.so.6.0.33)
         n0: 1024 0x1091ED: main (main.cpp:5)
 n0: 4 in 1 place, below massif's threshold (1.00%)
#-----------
snapshot=6
#-----------
time=1981075
mem_heap_B=2052
mem_heap_extra_B=36
mem_stacks_B=0
heap_tree=empty
#-----------
snapshot=7
#-----------
time=1982117
mem_heap_B=1028
mem_heap_extra_B=28
mem_stacks_B=0
heap_tree=empty
#-----------
snapshot=8
#-----------
time=1982151
mem_heap_B=4
mem_heap_extra_B=20
mem_stacks_B=0
heap_tree=empty
